STATE time=0.016666667 PC=8019 LEVEL=3 STOPPED=0 INVALID=0 sectors=0 display=0 ready=0 lamps=FFFF write=0 erase=0
STATE time=5.000000000 PC=8198 LEVEL=4 STOPPED=0 INVALID=0 sectors=0 display=0 ready=0 lamps=FFFF write=0 erase=0
STATE time=9.650000000 PC=103F LEVEL=4 STOPPED=0 INVALID=16 sectors=202 display=0 ready=0 lamps=0000 write=0 erase=0
STATE time=10.000000000 PC=1031 LEVEL=4 STOPPED=0 INVALID=16 sectors=202 display=0 ready=0 lamps=0000 write=0 erase=0
STATE time=15.000000000 PC=A10D LEVEL=3 STOPPED=0 INVALID=16 sectors=414 display=0 ready=0 lamps=0000 write=0 erase=0
STATE time=15.516666667 PC=B082 LEVEL=4 STOPPED=0 INVALID=16 sectors=416 display=0 ready=0 lamps=0000 write=1 erase=1
STATE time=15.533333333 PC=B093 LEVEL=4 STOPPED=0 INVALID=16 sectors=417 display=0 ready=0 lamps=0000 write=0 erase=0
STATE time=16.183333333 PC=AA2C LEVEL=4 STOPPED=0 INVALID=16 sectors=420 display=0 ready=0 lamps=0000 write=1 erase=1
STATE time=16.200000000 PC=B07B LEVEL=4 STOPPED=0 INVALID=16 sectors=421 display=0 ready=0 lamps=0000 write=0 erase=0
STATE time=17.250000000 PC=01AC LEVEL=4 STOPPED=0 INVALID=16 sectors=423 display=224 ready=1 lamps=0000 write=0 erase=0
STATE time=17.633333333 PC=A113 LEVEL=3 STOPPED=0 INVALID=16 sectors=425 display=224 ready=1 lamps=0080 write=0 erase=0
STATE time=20.000000000 PC=A111 LEVEL=3 STOPPED=0 INVALID=16 sectors=425 display=224 ready=1 lamps=0080 write=0 erase=0
TYPE	25.2	exe dks,in=fdu1
TYPE	34.7	hdu,a0,hd
TYPE	42.4	fdu,c0,fdu1
TYPE	50.7	fdu,c1,fdu2
TYPE	59.0	*
TYPE	64.3	test
TYPE	70.5	l
STATE time=25.000000000 PC=A108 LEVEL=3 STOPPED=0 INVALID=16 sectors=425 display=224 ready=1 lamps=0080 write=0 erase=0
STATE time=25.266666667 PC=B099 LEVEL=4 STOPPED=0 INVALID=16 sectors=425 display=448 ready=1 lamps=0080 write=0 erase=0
STATE time=25.566666667 PC=A124 LEVEL=3 STOPPED=0 INVALID=16 sectors=427 display=672 ready=1 lamps=0080 write=0 erase=0
STATE time=25.866666667 PC=AECA LEVEL=4 STOPPED=0 INVALID=16 sectors=434 display=896 ready=1 lamps=0080 write=0 erase=0
STATE time=26.166666667 PC=A85A LEVEL=3 STOPPED=0 INVALID=16 sectors=439 display=1120 ready=1 lamps=0080 write=0 erase=0
STATE time=26.466666667 PC=A11C LEVEL=3 STOPPED=0 INVALID=16 sectors=439 display=1344 ready=1 lamps=0080 write=0 erase=0
STATE time=26.766666667 PC=B121 LEVEL=4 STOPPED=0 INVALID=16 sectors=439 display=1568 ready=1 lamps=0080 write=0 erase=0
STATE time=27.066666667 PC=B09B LEVEL=4 STOPPED=0 INVALID=16 sectors=439 display=1792 ready=1 lamps=0080 write=0 erase=0
STATE time=27.366666667 PC=A10A LEVEL=3 STOPPED=0 INVALID=16 sectors=439 display=2016 ready=1 lamps=0080 write=0 erase=0
STATE time=27.666666667 PC=BE8D LEVEL=4 STOPPED=0 INVALID=16 sectors=439 display=2240 ready=1 lamps=0080 write=0 erase=0
STATE time=27.966666667 PC=856D LEVEL=4 STOPPED=0 INVALID=16 sectors=439 display=2464 ready=1 lamps=0080 write=0 erase=0
STATE time=28.266666667 PC=A840 LEVEL=3 STOPPED=0 INVALID=16 sectors=439 display=2688 ready=1 lamps=0080 write=0 erase=0
STATE time=28.566666667 PC=8566 LEVEL=4 STOPPED=0 INVALID=16 sectors=439 display=2912 ready=1 lamps=0080 write=0 erase=0
STATE time=28.866666667 PC=A115 LEVEL=3 STOPPED=0 INVALID=16 sectors=439 display=3136 ready=1 lamps=0080 write=0 erase=0
STATE time=29.166666667 PC=B096 LEVEL=4 STOPPED=0 INVALID=16 sectors=439 display=3360 ready=1 lamps=0080 write=0 erase=0
STATE time=29.466666667 PC=A108 LEVEL=3 STOPPED=0 INVALID=16 sectors=439 display=3584 ready=1 lamps=0080 write=0 erase=0
STATE time=29.783333333 PC=B0D6 LEVEL=4 STOPPED=0 INVALID=16 sectors=439 display=3808 ready=1 lamps=0000 write=0 erase=0
STATE time=30.000000000 PC=B01C LEVEL=4 STOPPED=0 INVALID=16 sectors=439 display=3808 ready=1 lamps=0000 write=0 erase=0
STATE time=33.250000000 PC=A85C LEVEL=3 STOPPED=0 INVALID=16 sectors=576 display=4032 ready=1 lamps=0000 write=0 erase=0
STATE time=33.266666667 PC=8572 LEVEL=4 STOPPED=0 INVALID=16 sectors=576 display=4032 ready=1 lamps=0080 write=0 erase=0
STATE time=34.766666667 PC=B09B LEVEL=4 STOPPED=0 INVALID=16 sectors=576 display=4256 ready=1 lamps=0080 write=0 erase=0
STATE time=35.000000000 PC=A850 LEVEL=3 STOPPED=0 INVALID=16 sectors=576 display=4256 ready=1 lamps=0080 write=0 erase=0
STATE time=35.066666667 PC=B01E LEVEL=4 STOPPED=0 INVALID=16 sectors=576 display=4480 ready=1 lamps=0080 write=0 erase=0
STATE time=35.366666667 PC=A113 LEVEL=3 STOPPED=0 INVALID=16 sectors=576 display=4704 ready=1 lamps=0080 write=0 erase=0
STATE time=35.666666667 PC=A117 LEVEL=3 STOPPED=0 INVALID=16 sectors=576 display=4928 ready=1 lamps=0080 write=0 erase=0
STATE time=35.966666667 PC=BE87 LEVEL=4 STOPPED=0 INVALID=16 sectors=576 display=5152 ready=1 lamps=0080 write=0 erase=0
STATE time=36.266666667 PC=8566 LEVEL=4 STOPPED=0 INVALID=16 sectors=576 display=5376 ready=1 lamps=0080 write=0 erase=0
STATE time=36.566666667 PC=B08D LEVEL=4 STOPPED=0 INVALID=16 sectors=576 display=5600 ready=1 lamps=0080 write=0 erase=0
STATE time=36.866666667 PC=A0C2 LEVEL=3 STOPPED=0 INVALID=16 sectors=576 display=5824 ready=1 lamps=0080 write=0 erase=0
STATE time=37.166666667 PC=A11A LEVEL=3 STOPPED=0 INVALID=16 sectors=576 display=6048 ready=1 lamps=0080 write=0 erase=0
STATE time=37.466666667 PC=8681 LEVEL=4 STOPPED=0 INVALID=16 sectors=576 display=6272 ready=1 lamps=0000 write=0 erase=0
STATE time=37.483333333 PC=B0A7 LEVEL=4 STOPPED=0 INVALID=16 sectors=576 display=6496 ready=1 lamps=0080 write=0 erase=0
STATE time=40.000000000 PC=B098 LEVEL=4 STOPPED=0 INVALID=16 sectors=576 display=6496 ready=1 lamps=0080 write=0 erase=0
STATE time=42.466666667 PC=B09B LEVEL=4 STOPPED=0 INVALID=16 sectors=576 display=6720 ready=1 lamps=0080 write=0 erase=0
STATE time=42.766666667 PC=B01E LEVEL=4 STOPPED=0 INVALID=16 sectors=576 display=6944 ready=1 lamps=0080 write=0 erase=0
STATE time=43.066666667 PC=A113 LEVEL=3 STOPPED=0 INVALID=16 sectors=576 display=7168 ready=1 lamps=0080 write=0 erase=0
STATE time=43.366666667 PC=A117 LEVEL=3 STOPPED=0 INVALID=16 sectors=576 display=7392 ready=1 lamps=0080 write=0 erase=0
STATE time=43.666666667 PC=BE87 LEVEL=4 STOPPED=0 INVALID=16 sectors=576 display=7616 ready=1 lamps=0080 write=0 erase=0
STATE time=43.966666667 PC=8566 LEVEL=4 STOPPED=0 INVALID=16 sectors=576 display=7840 ready=1 lamps=0080 write=0 erase=0
STATE time=44.266666667 PC=B08D LEVEL=4 STOPPED=0 INVALID=16 sectors=576 display=8064 ready=1 lamps=0080 write=0 erase=0
STATE time=44.566666667 PC=A0C2 LEVEL=3 STOPPED=0 INVALID=16 sectors=576 display=8288 ready=1 lamps=0080 write=0 erase=0
STATE time=44.866666667 PC=A11A LEVEL=3 STOPPED=0 INVALID=16 sectors=576 display=8512 ready=1 lamps=0080 write=0 erase=0
STATE time=45.000000000 PC=A116 LEVEL=3 STOPPED=0 INVALID=16 sectors=576 display=8512 ready=1 lamps=0080 write=0 erase=0
STATE time=45.166666667 PC=B087 LEVEL=4 STOPPED=0 INVALID=16 sectors=576 display=8736 ready=1 lamps=0080 write=0 erase=0
STATE time=45.466666667 PC=BA04 LEVEL=4 STOPPED=0 INVALID=16 sectors=576 display=8960 ready=1 lamps=0080 write=0 erase=0
STATE time=45.766666667 PC=B34F LEVEL=4 STOPPED=0 INVALID=16 sectors=576 display=9184 ready=1 lamps=0000 write=0 erase=0
STATE time=45.783333333 PC=A111 LEVEL=3 STOPPED=0 INVALID=16 sectors=576 display=9408 ready=1 lamps=0080 write=0 erase=0
STATE time=50.000000000 PC=A83D LEVEL=3 STOPPED=0 INVALID=16 sectors=576 display=9408 ready=1 lamps=0080 write=0 erase=0
STATE time=50.766666667 PC=A11B LEVEL=3 STOPPED=0 INVALID=16 sectors=576 display=9632 ready=1 lamps=0080 write=0 erase=0
STATE time=51.066666667 PC=BE8D LEVEL=4 STOPPED=0 INVALID=16 sectors=576 display=9856 ready=1 lamps=0080 write=0 erase=0
STATE time=51.366666667 PC=BA18 LEVEL=4 STOPPED=0 INVALID=16 sectors=576 display=10080 ready=1 lamps=0080 write=0 erase=0
STATE time=51.666666667 PC=BA1E LEVEL=4 STOPPED=0 INVALID=16 sectors=576 display=10304 ready=1 lamps=0080 write=0 erase=0
STATE time=51.966666667 PC=B6D4 LEVEL=4 STOPPED=0 INVALID=16 sectors=576 display=10528 ready=1 lamps=0080 write=0 erase=0
STATE time=52.266666667 PC=A10D LEVEL=3 STOPPED=0 INVALID=16 sectors=576 display=10752 ready=1 lamps=0080 write=0 erase=0
STATE time=52.566666667 PC=A111 LEVEL=3 STOPPED=0 INVALID=16 sectors=576 display=10976 ready=1 lamps=0080 write=0 erase=0
STATE time=52.866666667 PC=B097 LEVEL=4 STOPPED=0 INVALID=16 sectors=576 display=11200 ready=1 lamps=0080 write=0 erase=0
STATE time=53.166666667 PC=A84F LEVEL=3 STOPPED=0 INVALID=16 sectors=576 display=11424 ready=1 lamps=0080 write=0 erase=0
STATE time=53.466666667 PC=A11B LEVEL=3 STOPPED=0 INVALID=16 sectors=576 display=11648 ready=1 lamps=0080 write=0 erase=0
STATE time=53.766666667 PC=B07A LEVEL=4 STOPPED=0 INVALID=16 sectors=576 display=11872 ready=1 lamps=0080 write=0 erase=0
STATE time=54.066666667 PC=B0B2 LEVEL=4 STOPPED=0 INVALID=16 sectors=576 display=12096 ready=1 lamps=0000 write=0 erase=0
STATE time=54.083333333 PC=B0A7 LEVEL=4 STOPPED=0 INVALID=16 sectors=576 display=12320 ready=1 lamps=0080 write=0 erase=0
STATE time=55.000000000 PC=A118 LEVEL=3 STOPPED=0 INVALID=16 sectors=576 display=12320 ready=1 lamps=0080 write=0 erase=0
STATE time=59.066666667 PC=B09D LEVEL=4 STOPPED=0 INVALID=16 sectors=576 display=12544 ready=1 lamps=0080 write=0 erase=0
STATE time=59.366666667 PC=B0A6 LEVEL=4 STOPPED=0 INVALID=16 sectors=576 display=12768 ready=1 lamps=0000 write=0 erase=0
STATE time=60.000000000 PC=A85C LEVEL=3 STOPPED=0 INVALID=16 sectors=578 display=12768 ready=1 lamps=0000 write=0 erase=0
STATE time=60.316666667 PC=A114 LEVEL=3 STOPPED=0 INVALID=16 sectors=587 display=12992 ready=1 lamps=0080 write=0 erase=0
STATE time=64.366666667 PC=B6CD LEVEL=4 STOPPED=0 INVALID=16 sectors=587 display=13216 ready=1 lamps=0080 write=0 erase=0
STATE time=64.666666667 PC=A116 LEVEL=3 STOPPED=0 INVALID=16 sectors=587 display=13440 ready=1 lamps=0080 write=0 erase=0
STATE time=64.966666667 PC=A840 LEVEL=3 STOPPED=0 INVALID=16 sectors=587 display=13664 ready=1 lamps=0080 write=0 erase=0
STATE time=65.000000000 PC=B084 LEVEL=4 STOPPED=0 INVALID=16 sectors=587 display=13664 ready=1 lamps=0080 write=0 erase=0
STATE time=65.266666667 PC=A118 LEVEL=3 STOPPED=0 INVALID=16 sectors=587 display=13888 ready=1 lamps=0080 write=0 erase=0
STATE time=65.566666667 PC=04A6 LEVEL=4 STOPPED=0 INVALID=16 sectors=587 display=14130 ready=0 lamps=0000 write=0 erase=0
STATE time=65.583333333 PC=A103 LEVEL=3 STOPPED=0 INVALID=16 sectors=587 display=14336 ready=1 lamps=0080 write=0 erase=0
STATE time=70.000000000 PC=A0C2 LEVEL=3 STOPPED=0 INVALID=16 sectors=587 display=14336 ready=1 lamps=0080 write=0 erase=0
STATE time=70.566666667 PC=A10C LEVEL=3 STOPPED=0 INVALID=16 sectors=587 display=14560 ready=1 lamps=0080 write=0 erase=0
STATE time=70.866666667 PC=049D LEVEL=4 STOPPED=0 INVALID=16 sectors=587 display=14946 ready=0 lamps=0000 write=0 erase=0
STATE time=70.883333333 PC=A11A LEVEL=3 STOPPED=0 INVALID=16 sectors=587 display=15008 ready=1 lamps=0800 write=0 erase=0
STATE time=75.000000000 PC=B090 LEVEL=4 STOPPED=0 INVALID=16 sectors=587 display=15008 ready=1 lamps=0800 write=0 erase=0
STATE time=75.816666667 PC=B0FB LEVEL=4 STOPPED=0 INVALID=16 sectors=587 display=15232 ready=1 lamps=0000 write=0 erase=0
STATE time=80.000000000 PC=8564 LEVEL=4 STOPPED=0 INVALID=16 sectors=587 display=15232 ready=1 lamps=0000 write=0 erase=0
STATE time=85.000000000 PC=AA23 LEVEL=4 STOPPED=0 INVALID=16 sectors=587 display=15232 ready=1 lamps=0000 write=0 erase=0
STATE time=87.350000000 PC=B01B LEVEL=4 STOPPED=0 INVALID=16 sectors=587 display=15456 ready=1 lamps=0800 write=0 erase=0
STATE time=90.000000000 PC=856D LEVEL=4 STOPPED=0 INVALID=16 sectors=587 display=15456 ready=1 lamps=0800 write=0 erase=0
STATE time=95.000000000 PC=A105 LEVEL=3 STOPPED=0 INVALID=16 sectors=587 display=15456 ready=1 lamps=0800 write=0 erase=0
STATE time=100.000000000 PC=BA04 LEVEL=4 STOPPED=0 INVALID=16 sectors=587 display=15456 ready=1 lamps=0800 write=0 erase=0
STATE time=105.000000000 PC=87FC LEVEL=4 STOPPED=0 INVALID=16 sectors=587 display=15456 ready=1 lamps=0800 write=0 erase=0
STATE time=110.000000000 PC=A10C LEVEL=3 STOPPED=0 INVALID=16 sectors=587 display=15456 ready=1 lamps=0800 write=0 erase=0
STATE time=115.000000000 PC=B6D5 LEVEL=4 STOPPED=0 INVALID=16 sectors=587 display=15456 ready=1 lamps=0800 write=0 erase=0
STATE time=120.000000000 PC=B023 LEVEL=4 STOPPED=0 INVALID=16 sectors=587 display=15456 ready=1 lamps=0800 write=0 erase=0
STATE time=125.000000000 PC=B01C LEVEL=4 STOPPED=0 INVALID=16 sectors=587 display=15456 ready=1 lamps=0800 write=0 erase=0
STATE time=130.000000000 PC=BA1F LEVEL=4 STOPPED=0 INVALID=16 sectors=587 display=15456 ready=1 lamps=0800 write=0 erase=0
STATE time=135.000000000 PC=BE87 LEVEL=4 STOPPED=0 INVALID=16 sectors=587 display=15456 ready=1 lamps=0800 write=0 erase=0
STATE time=140.000000000 PC=B07D LEVEL=4 STOPPED=0 INVALID=16 sectors=587 display=15456 ready=1 lamps=0800 write=0 erase=0
STATE time=145.000000000 PC=A113 LEVEL=3 STOPPED=0 INVALID=16 sectors=587 display=15456 ready=1 lamps=0800 write=0 erase=0
STATE time=150.000000000 PC=A117 LEVEL=3 STOPPED=0 INVALID=16 sectors=587 display=15456 ready=1 lamps=0800 write=0 erase=0
STATE time=155.000000000 PC=B089 LEVEL=4 STOPPED=0 INVALID=16 sectors=587 display=15456 ready=1 lamps=0800 write=0 erase=0
STATE time=160.000000000 PC=A11B LEVEL=3 STOPPED=0 INVALID=16 sectors=587 display=15456 ready=1 lamps=0800 write=0 erase=0
STATE time=165.000000000 PC=A0BA LEVEL=3 STOPPED=0 INVALID=16 sectors=587 display=15456 ready=1 lamps=0800 write=0 erase=0
STATE time=170.000000000 PC=B093 LEVEL=4 STOPPED=0 INVALID=16 sectors=587 display=15456 ready=1 lamps=0800 write=0 erase=0
STATE time=175.000000000 PC=A83F LEVEL=3 STOPPED=0 INVALID=16 sectors=587 display=15456 ready=1 lamps=0800 write=0 erase=0
STATE time=180.000000000 PC=A108 LEVEL=3 STOPPED=0 INVALID=16 sectors=587 display=15456 ready=1 lamps=0800 write=0 erase=0
STATE time=185.000000000 PC=B09F LEVEL=4 STOPPED=0 INVALID=16 sectors=587 display=15456 ready=1 lamps=0800 write=0 erase=0
STATE time=190.000000000 PC=A84E LEVEL=3 STOPPED=0 INVALID=16 sectors=587 display=15456 ready=1 lamps=0800 write=0 erase=0
STATE time=195.000000000 PC=A10F LEVEL=3 STOPPED=0 INVALID=16 sectors=587 display=15456 ready=1 lamps=0800 write=0 erase=0
STATE time=200.000000000 PC=856D LEVEL=4 STOPPED=0 INVALID=16 sectors=587 display=15456 ready=1 lamps=0800 write=0 erase=0
STATE time=205.000000000 PC=A104 LEVEL=3 STOPPED=0 INVALID=16 sectors=587 display=15456 ready=1 lamps=0800 write=0 erase=0
STATE time=205.900000000 PC=B091 LEVEL=4 STOPPED=0 INVALID=16 sectors=587 display=15680 ready=1 lamps=0000 write=0 erase=0
STATE time=210.000000000 PC=B089 LEVEL=4 STOPPED=0 INVALID=16 sectors=592 display=15680 ready=1 lamps=0000 write=0 erase=0
STATE time=215.000000000 PC=AA1A LEVEL=4 STOPPED=0 INVALID=16 sectors=792 display=15680 ready=1 lamps=0000 write=0 erase=0
STATE time=220.000000000 PC=856F LEVEL=4 STOPPED=0 INVALID=16 sectors=945 display=15680 ready=1 lamps=0000 write=0 erase=0
STATE time=225.000000000 PC=B083 LEVEL=4 STOPPED=0 INVALID=16 sectors=1084 display=15680 ready=1 lamps=0000 write=0 erase=0
STATE time=230.000000000 PC=B01E LEVEL=4 STOPPED=0 INVALID=16 sectors=1217 display=15680 ready=1 lamps=0000 write=0 erase=0
STATE time=235.000000000 PC=B020 LEVEL=4 STOPPED=0 INVALID=16 sectors=1349 display=15680 ready=1 lamps=0000 write=0 erase=0
STATE time=240.000000000 PC=AA1B LEVEL=4 STOPPED=0 INVALID=16 sectors=1504 display=15680 ready=1 lamps=0000 write=0 erase=0
STATE time=245.000000000 PC=8571 LEVEL=4 STOPPED=0 INVALID=16 sectors=1634 display=15680 ready=1 lamps=0000 write=0 erase=0
STATE time=250.000000000 PC=857A LEVEL=4 STOPPED=0 INVALID=16 sectors=1798 display=15680 ready=1 lamps=0000 write=0 erase=0
STATE time=255.000000000 PC=B097 LEVEL=4 STOPPED=0 INVALID=16 sectors=1945 display=15680 ready=1 lamps=0000 write=0 erase=0
STATE time=260.000000000 PC=B01E LEVEL=4 STOPPED=0 INVALID=16 sectors=2061 display=15680 ready=1 lamps=0000 write=0 erase=0
STATE time=265.000000000 PC=B01F LEVEL=4 STOPPED=0 INVALID=16 sectors=2136 display=15680 ready=1 lamps=0000 write=0 erase=0
STATE time=270.000000000 PC=A113 LEVEL=3 STOPPED=0 INVALID=16 sectors=2265 display=15680 ready=1 lamps=0000 write=0 erase=0
STATE time=275.000000000 PC=A111 LEVEL=3 STOPPED=0 INVALID=16 sectors=2437 display=15680 ready=1 lamps=0000 write=0 erase=0
STATE time=280.000000000 PC=B019 LEVEL=4 STOPPED=0 INVALID=16 sectors=2655 display=15680 ready=1 lamps=0000 write=0 erase=0
STATE time=285.000000000 PC=A111 LEVEL=3 STOPPED=0 INVALID=16 sectors=2993 display=15680 ready=1 lamps=0000 write=0 erase=0
STATE time=290.000000000 PC=A12B LEVEL=3 STOPPED=0 INVALID=16 sectors=3305 display=15680 ready=1 lamps=0000 write=0 erase=0
STATE time=295.000000000 PC=B07F LEVEL=4 STOPPED=0 INVALID=16 sectors=3643 display=15680 ready=1 lamps=0000 write=0 erase=0
STATE time=300.000000000 PC=A106 LEVEL=3 STOPPED=0 INVALID=16 sectors=3944 display=15680 ready=1 lamps=0000 write=0 erase=0
STATE time=305.000000000 PC=AA29 LEVEL=4 STOPPED=0 INVALID=16 sectors=4241 display=15680 ready=1 lamps=0000 write=0 erase=0
STATE time=306.883333333 PC=B08A LEVEL=4 STOPPED=0 INVALID=16 sectors=4361 display=15904 ready=1 lamps=0080 write=0 erase=0
STATE time=310.000000000 PC=A0C6 LEVEL=3 STOPPED=0 INVALID=16 sectors=4361 display=15904 ready=1 lamps=0080 write=0 erase=0
STATE time=315.000000000 PC=B095 LEVEL=4 STOPPED=0 INVALID=16 sectors=4361 display=15904 ready=1 lamps=0080 write=0 erase=0
STATE time=320.000000000 PC=A840 LEVEL=3 STOPPED=0 INVALID=16 sectors=4361 display=15904 ready=1 lamps=0080 write=0 erase=0
STATE time=325.000000000 PC=A109 LEVEL=3 STOPPED=0 INVALID=16 sectors=4361 display=15904 ready=1 lamps=0080 write=0 erase=0
STATE time=330.000000000 PC=B0A6 LEVEL=4 STOPPED=0 INVALID=16 sectors=4361 display=15904 ready=1 lamps=0080 write=0 erase=0
STATE time=335.000000000 PC=A84F LEVEL=3 STOPPED=0 INVALID=16 sectors=4361 display=15904 ready=1 lamps=0080 write=0 erase=0
STATE time=340.000000000 PC=BE88 LEVEL=4 STOPPED=0 INVALID=16 sectors=4361 display=15904 ready=1 lamps=0080 write=0 erase=0
STATE time=345.000000000 PC=856E LEVEL=4 STOPPED=0 INVALID=16 sectors=4361 display=15904 ready=1 lamps=0080 write=0 erase=0
STATE time=350.000000000 PC=A105 LEVEL=3 STOPPED=0 INVALID=16 sectors=4361 display=15904 ready=1 lamps=0080 write=0 erase=0
STATE time=355.000000000 PC=BA05 LEVEL=4 STOPPED=0 INVALID=16 sectors=4361 display=15904 ready=1 lamps=0080 write=0 erase=0
STATE time=360.000000000 PC=A0F1 LEVEL=4 STOPPED=0 INVALID=16 sectors=4361 display=15904 ready=1 lamps=0080 write=0 erase=0
STATE time=365.000000000 PC=A10D LEVEL=3 STOPPED=0 INVALID=16 sectors=4361 display=15904 ready=1 lamps=0080 write=0 erase=0
STATE time=370.000000000 PC=B6D7 LEVEL=4 STOPPED=0 INVALID=16 sectors=4361 display=15904 ready=1 lamps=0080 write=0 erase=0
STATE time=375.000000000 PC=B0FF LEVEL=4 STOPPED=0 INVALID=16 sectors=4361 display=15904 ready=1 lamps=0080 write=0 erase=0
STATE time=380.000000000 PC=B01C LEVEL=4 STOPPED=0 INVALID=16 sectors=4361 display=15904 ready=1 lamps=0080 write=0 erase=0
STATE time=385.000000000 PC=BA20 LEVEL=4 STOPPED=0 INVALID=16 sectors=4361 display=15904 ready=1 lamps=0080 write=0 erase=0
STATE time=390.000000000 PC=BE88 LEVEL=4 STOPPED=0 INVALID=16 sectors=4361 display=15904 ready=1 lamps=0080 write=0 erase=0
STATE time=395.000000000 PC=B07E LEVEL=4 STOPPED=0 INVALID=16 sectors=4361 display=15904 ready=1 lamps=0080 write=0 erase=0
STATE time=400.000000000 PC=A114 LEVEL=3 STOPPED=0 INVALID=16 sectors=4361 display=15904 ready=1 lamps=0080 write=0 erase=0
STATE time=405.000000000 PC=A118 LEVEL=3 STOPPED=0 INVALID=16 sectors=4361 display=15904 ready=1 lamps=0080 write=0 erase=0
STATE time=410.000000000 PC=B08A LEVEL=4 STOPPED=0 INVALID=16 sectors=4361 display=15904 ready=1 lamps=0080 write=0 erase=0
STATE time=415.000000000 PC=A11C LEVEL=3 STOPPED=0 INVALID=16 sectors=4361 display=15904 ready=1 lamps=0080 write=0 erase=0
STATE time=420.000000000 PC=A0C5 LEVEL=3 STOPPED=0 INVALID=16 sectors=4361 display=15904 ready=1 lamps=0080 write=0 erase=0
TYPE	424.23333333333	y
STATE time=424.300000000 PC=B01C LEVEL=4 STOPPED=0 INVALID=16 sectors=4361 display=16128 ready=1 lamps=0080 write=0 erase=0
STATE time=424.600000000 PC=04AA LEVEL=4 STOPPED=0 INVALID=16 sectors=4361 display=16504 ready=0 lamps=0000 write=0 erase=0
STATE time=424.616666667 PC=B0FF LEVEL=4 STOPPED=0 INVALID=16 sectors=4361 display=16576 ready=1 lamps=0800 write=0 erase=0
STATE time=425.000000000 PC=B6D5 LEVEL=4 STOPPED=0 INVALID=16 sectors=4361 display=16576 ready=1 lamps=0800 write=0 erase=0
STATE time=430.000000000 PC=B023 LEVEL=4 STOPPED=0 INVALID=16 sectors=4361 display=16576 ready=1 lamps=0800 write=0 erase=0
STATE time=435.000000000 PC=B01C LEVEL=4 STOPPED=0 INVALID=16 sectors=4361 display=16576 ready=1 lamps=0800 write=0 erase=0
STATE time=440.000000000 PC=BA1F LEVEL=4 STOPPED=0 INVALID=16 sectors=4361 display=16576 ready=1 lamps=0800 write=0 erase=0
STATE time=445.000000000 PC=BE87 LEVEL=4 STOPPED=0 INVALID=16 sectors=4361 display=16576 ready=1 lamps=0800 write=0 erase=0
STATE time=450.000000000 PC=B07D LEVEL=4 STOPPED=0 INVALID=16 sectors=4361 display=16576 ready=1 lamps=0800 write=0 erase=0
STATE time=455.000000000 PC=A113 LEVEL=3 STOPPED=0 INVALID=16 sectors=4361 display=16576 ready=1 lamps=0800 write=0 erase=0
STATE time=460.000000000 PC=A117 LEVEL=3 STOPPED=0 INVALID=16 sectors=4361 display=16576 ready=1 lamps=0800 write=0 erase=0
STATE time=465.000000000 PC=B089 LEVEL=4 STOPPED=0 INVALID=16 sectors=4361 display=16576 ready=1 lamps=0800 write=0 erase=0
STATE time=470.000000000 PC=A11B LEVEL=3 STOPPED=0 INVALID=16 sectors=4361 display=16576 ready=1 lamps=0800 write=0 erase=0
STATE time=475.000000000 PC=A0BA LEVEL=3 STOPPED=0 INVALID=16 sectors=4361 display=16576 ready=1 lamps=0800 write=0 erase=0
STATE time=480.000000000 PC=B093 LEVEL=4 STOPPED=0 INVALID=16 sectors=4361 display=16576 ready=1 lamps=0800 write=0 erase=0
STATE time=485.000000000 PC=A83F LEVEL=3 STOPPED=0 INVALID=16 sectors=4361 display=16576 ready=1 lamps=0800 write=0 erase=0
STATE time=490.000000000 PC=A108 LEVEL=3 STOPPED=0 INVALID=16 sectors=4361 display=16576 ready=1 lamps=0800 write=0 erase=0
STATE time=495.000000000 PC=B09F LEVEL=4 STOPPED=0 INVALID=16 sectors=4361 display=16576 ready=1 lamps=0800 write=0 erase=0
STATE time=500.000000000 PC=A84E LEVEL=3 STOPPED=0 INVALID=16 sectors=4361 display=16576 ready=1 lamps=0800 write=0 erase=0
STATE time=505.000000000 PC=A10F LEVEL=3 STOPPED=0 INVALID=16 sectors=4361 display=16576 ready=1 lamps=0800 write=0 erase=0
STATE time=510.000000000 PC=856D LEVEL=4 STOPPED=0 INVALID=16 sectors=4361 display=16576 ready=1 lamps=0800 write=0 erase=0
STATE time=515.000000000 PC=A104 LEVEL=3 STOPPED=0 INVALID=16 sectors=4361 display=16576 ready=1 lamps=0800 write=0 erase=0
STATE time=519.216666667 PC=A1BF LEVEL=3 STOPPED=0 INVALID=16 sectors=4361 display=16800 ready=1 lamps=0000 write=0 erase=0
STATE time=520.000000000 PC=B09E LEVEL=4 STOPPED=0 INVALID=16 sectors=4361 display=16800 ready=1 lamps=0000 write=0 erase=0
STATE time=521.516666667 PC=B01A LEVEL=4 STOPPED=0 INVALID=16 sectors=4371 display=16800 ready=1 lamps=0000 write=1 erase=1
STATE time=521.550000000 PC=B08E LEVEL=4 STOPPED=0 INVALID=16 sectors=4377 display=16800 ready=1 lamps=0000 write=0 erase=0
STATE time=521.566666667 PC=B0D3 LEVEL=4 STOPPED=0 INVALID=16 sectors=4379 display=16800 ready=1 lamps=0000 write=1 erase=1
STATE time=521.633333333 PC=B088 LEVEL=4 STOPPED=0 INVALID=16 sectors=4391 display=16800 ready=1 lamps=0000 write=0 erase=0
STATE time=521.650000000 PC=A0BA LEVEL=3 STOPPED=0 INVALID=16 sectors=4393 display=16800 ready=1 lamps=0000 write=1 erase=1
STATE time=521.666666667 PC=BA24 LEVEL=4 STOPPED=0 INVALID=16 sectors=4395 display=16800 ready=1 lamps=0000 write=0 erase=0
STATE time=521.850000000 PC=8566 LEVEL=4 STOPPED=0 INVALID=16 sectors=4397 display=16800 ready=1 lamps=0000 write=1 erase=1
STATE time=521.883333333 PC=AA51 LEVEL=4 STOPPED=0 INVALID=16 sectors=4403 display=16800 ready=1 lamps=0000 write=0 erase=0
STATE time=521.900000000 PC=A102 LEVEL=3 STOPPED=0 INVALID=16 sectors=4405 display=16800 ready=1 lamps=0000 write=1 erase=1
STATE time=521.966666667 PC=B0D1 LEVEL=4 STOPPED=0 INVALID=16 sectors=4417 display=16800 ready=1 lamps=0000 write=0 erase=0
STATE time=521.983333333 PC=B097 LEVEL=4 STOPPED=0 INVALID=16 sectors=4419 display=16800 ready=1 lamps=0000 write=1 erase=1
STATE time=522.000000000 PC=A10F LEVEL=3 STOPPED=0 INVALID=16 sectors=4421 display=16800 ready=1 lamps=0000 write=0 erase=0
STATE time=522.183333333 PC=A83E LEVEL=3 STOPPED=0 INVALID=16 sectors=4423 display=16800 ready=1 lamps=0000 write=1 erase=1
STATE time=522.216666667 PC=A85B LEVEL=3 STOPPED=0 INVALID=16 sectors=4429 display=16800 ready=1 lamps=0000 write=0 erase=0
STATE time=522.233333333 PC=A123 LEVEL=3 STOPPED=0 INVALID=16 sectors=4431 display=16800 ready=1 lamps=0000 write=1 erase=1
STATE time=522.300000000 PC=A104 LEVEL=3 STOPPED=0 INVALID=16 sectors=4443 display=16800 ready=1 lamps=0000 write=0 erase=0
STATE time=522.316666667 PC=B099 LEVEL=4 STOPPED=0 INVALID=16 sectors=4445 display=16800 ready=1 lamps=0000 write=1 erase=1
STATE time=522.333333333 PC=AA07 LEVEL=4 STOPPED=0 INVALID=16 sectors=4447 display=16800 ready=1 lamps=0000 write=0 erase=0
STATE time=522.516666667 PC=AA21 LEVEL=4 STOPPED=0 INVALID=16 sectors=4449 display=16800 ready=1 lamps=0000 write=1 erase=1
STATE time=522.550000000 PC=B0A7 LEVEL=4 STOPPED=0 INVALID=16 sectors=4455 display=16800 ready=1 lamps=0000 write=0 erase=0
STATE time=522.566666667 PC=B097 LEVEL=4 STOPPED=0 INVALID=16 sectors=4457 display=16800 ready=1 lamps=0000 write=1 erase=1
STATE time=522.633333333 PC=A125 LEVEL=3 STOPPED=0 INVALID=16 sectors=4469 display=16800 ready=1 lamps=0000 write=0 erase=0
STATE time=522.650000000 PC=BA22 LEVEL=4 STOPPED=0 INVALID=16 sectors=4471 display=16800 ready=1 lamps=0000 write=1 erase=1
STATE time=522.666666667 PC=B086 LEVEL=4 STOPPED=0 INVALID=16 sectors=4473 display=16800 ready=1 lamps=0000 write=0 erase=0
STATE time=522.850000000 PC=B085 LEVEL=4 STOPPED=0 INVALID=16 sectors=4475 display=16800 ready=1 lamps=0000 write=1 erase=1
STATE time=522.883333333 PC=B0A9 LEVEL=4 STOPPED=0 INVALID=16 sectors=4481 display=16800 ready=1 lamps=0000 write=0 erase=0
STATE time=522.900000000 PC=AC8D LEVEL=4 STOPPED=0 INVALID=16 sectors=4483 display=16800 ready=1 lamps=0000 write=1 erase=1
STATE time=522.966666667 PC=B09B LEVEL=4 STOPPED=0 INVALID=16 sectors=4495 display=16800 ready=1 lamps=0000 write=0 erase=0
STATE time=522.983333333 PC=A10E LEVEL=3 STOPPED=0 INVALID=16 sectors=4497 display=16800 ready=1 lamps=0000 write=1 erase=1
STATE time=523.000000000 PC=B082 LEVEL=4 STOPPED=0 INVALID=16 sectors=4499 display=16800 ready=1 lamps=0000 write=0 erase=0
STATE time=523.183333333 PC=B0CF LEVEL=4 STOPPED=0 INVALID=16 sectors=4501 display=16800 ready=1 lamps=0000 write=1 erase=1
STATE time=523.216666667 PC=A113 LEVEL=3 STOPPED=0 INVALID=16 sectors=4507 display=16800 ready=1 lamps=0000 write=0 erase=0
STATE time=523.233333333 PC=A10F LEVEL=3 STOPPED=0 INVALID=16 sectors=4509 display=16800 ready=1 lamps=0000 write=1 erase=1
STATE time=523.300000000 PC=AC8C LEVEL=4 STOPPED=0 INVALID=16 sectors=4521 display=16800 ready=1 lamps=0000 write=0 erase=0
STATE time=523.316666667 PC=856E LEVEL=4 STOPPED=0 INVALID=16 sectors=4523 display=16800 ready=1 lamps=0000 write=1 erase=1
STATE time=523.333333333 PC=AA49 LEVEL=4 STOPPED=0 INVALID=16 sectors=4525 display=16800 ready=1 lamps=0000 write=0 erase=0
STATE time=523.516666667 PC=A103 LEVEL=3 STOPPED=0 INVALID=16 sectors=4527 display=16800 ready=1 lamps=0000 write=1 erase=1
STATE time=523.550000000 PC=AA0B LEVEL=4 STOPPED=0 INVALID=16 sectors=4533 display=16800 ready=1 lamps=0000 write=0 erase=0
STATE time=523.566666667 PC=A130 LEVEL=3 STOPPED=0 INVALID=16 sectors=4535 display=16800 ready=1 lamps=0000 write=1 erase=1
STATE time=523.633333333 PC=B019 LEVEL=4 STOPPED=0 INVALID=16 sectors=4547 display=16800 ready=1 lamps=0000 write=0 erase=0
STATE time=523.650000000 PC=856F LEVEL=4 STOPPED=0 INVALID=16 sectors=4549 display=16800 ready=1 lamps=0000 write=1 erase=1
STATE time=523.666666667 PC=A11E LEVEL=3 STOPPED=0 INVALID=16 sectors=4551 display=16800 ready=1 lamps=0000 write=0 erase=0
STATE time=523.850000000 PC=A123 LEVEL=3 STOPPED=0 INVALID=16 sectors=4553 display=16800 ready=1 lamps=0000 write=1 erase=1
STATE time=523.883333333 PC=A0F0 LEVEL=4 STOPPED=0 INVALID=16 sectors=4559 display=16800 ready=1 lamps=0000 write=0 erase=0
STATE time=523.900000000 PC=AA06 LEVEL=4 STOPPED=0 INVALID=16 sectors=4561 display=16800 ready=1 lamps=0000 write=1 erase=1
STATE time=523.966666667 PC=AA2A LEVEL=4 STOPPED=0 INVALID=16 sectors=4573 display=16800 ready=1 lamps=0000 write=0 erase=0
STATE time=523.983333333 PC=A11E LEVEL=3 STOPPED=0 INVALID=16 sectors=4575 display=16800 ready=1 lamps=0000 write=1 erase=1
STATE time=524.000000000 PC=B099 LEVEL=4 STOPPED=0 INVALID=16 sectors=4577 display=16800 ready=1 lamps=0000 write=0 erase=0
STATE time=524.183333333 PC=B099 LEVEL=4 STOPPED=0 INVALID=16 sectors=4579 display=16800 ready=1 lamps=0000 write=1 erase=1
STATE time=524.216666667 PC=B019 LEVEL=4 STOPPED=0 INVALID=16 sectors=4585 display=16800 ready=1 lamps=0000 write=0 erase=0
STATE time=524.233333333 PC=B084 LEVEL=4 STOPPED=0 INVALID=16 sectors=4587 display=16800 ready=1 lamps=0000 write=1 erase=1
STATE time=524.300000000 PC=AA09 LEVEL=4 STOPPED=0 INVALID=16 sectors=4599 display=16800 ready=1 lamps=0000 write=0 erase=0
STATE time=524.316666667 PC=AA1B LEVEL=4 STOPPED=0 INVALID=16 sectors=4601 display=16800 ready=1 lamps=0000 write=1 erase=1
STATE time=524.333333333 PC=B09D LEVEL=4 STOPPED=0 INVALID=16 sectors=4603 display=16800 ready=1 lamps=0000 write=0 erase=0
STATE time=524.516666667 PC=B01C LEVEL=4 STOPPED=0 INVALID=16 sectors=4605 display=16800 ready=1 lamps=0000 write=1 erase=1
STATE time=524.550000000 PC=A842 LEVEL=3 STOPPED=0 INVALID=16 sectors=4611 display=16800 ready=1 lamps=0000 write=0 erase=0
STATE time=524.566666667 PC=B088 LEVEL=4 STOPPED=0 INVALID=16 sectors=4613 display=16800 ready=1 lamps=0000 write=1 erase=1
STATE time=524.633333333 PC=B0C9 LEVEL=4 STOPPED=0 INVALID=16 sectors=4624 display=16800 ready=1 lamps=0000 write=0 erase=0
STATE time=524.816666667 PC=A102 LEVEL=3 STOPPED=0 INVALID=16 sectors=4627 display=16800 ready=1 lamps=0000 write=1 erase=1
STATE time=524.833333333 PC=A0F1 LEVEL=4 STOPPED=0 INVALID=16 sectors=4629 display=16800 ready=1 lamps=0000 write=0 erase=0
STATE time=525.000000000 PC=B09E LEVEL=4 STOPPED=0 INVALID=16 sectors=4629 display=16800 ready=1 lamps=0000 write=0 erase=0
STATE time=525.016666667 PC=A115 LEVEL=3 STOPPED=0 INVALID=16 sectors=4631 display=16800 ready=1 lamps=0000 write=1 erase=1
STATE time=525.050000000 PC=B0FF LEVEL=4 STOPPED=0 INVALID=16 sectors=4637 display=16800 ready=1 lamps=0000 write=0 erase=0
STATE time=525.066666667 PC=B0A7 LEVEL=4 STOPPED=0 INVALID=16 sectors=4639 display=16800 ready=1 lamps=0000 write=1 erase=1
STATE time=525.100000000 PC=856D LEVEL=4 STOPPED=0 INVALID=16 sectors=4645 display=16800 ready=1 lamps=0000 write=0 erase=0
STATE time=529.100000000 PC=B083 LEVEL=4 STOPPED=0 INVALID=16 sectors=4921 display=16800 ready=1 lamps=0000 write=1 erase=1
STATE time=529.133333333 PC=A123 LEVEL=3 STOPPED=0 INVALID=16 sectors=4927 display=16800 ready=1 lamps=0000 write=0 erase=0
STATE time=529.150000000 PC=BA20 LEVEL=4 STOPPED=0 INVALID=16 sectors=4929 display=16800 ready=1 lamps=0000 write=1 erase=1
STATE time=529.166666667 PC=B083 LEVEL=4 STOPPED=0 INVALID=16 sectors=4931 display=16800 ready=1 lamps=0000 write=0 erase=0
STATE time=529.350000000 PC=B082 LEVEL=4 STOPPED=0 INVALID=16 sectors=4933 display=16800 ready=1 lamps=0000 write=1 erase=1
STATE time=529.383333333 PC=B0A6 LEVEL=4 STOPPED=0 INVALID=16 sectors=4939 display=16800 ready=1 lamps=0000 write=0 erase=0
STATE time=529.400000000 PC=AC86 LEVEL=4 STOPPED=0 INVALID=16 sectors=4941 display=16800 ready=1 lamps=0000 write=1 erase=1
STATE time=529.466666667 PC=B098 LEVEL=4 STOPPED=0 INVALID=16 sectors=4953 display=16800 ready=1 lamps=0000 write=0 erase=0
STATE time=529.483333333 PC=A10C LEVEL=3 STOPPED=0 INVALID=16 sectors=4955 display=16800 ready=1 lamps=0000 write=1 erase=1
STATE time=529.500000000 PC=B07E LEVEL=4 STOPPED=0 INVALID=16 sectors=4957 display=16800 ready=1 lamps=0000 write=0 erase=0
STATE time=529.683333333 PC=B0CD LEVEL=4 STOPPED=0 INVALID=16 sectors=4959 display=16800 ready=1 lamps=0000 write=1 erase=1
STATE time=529.716666667 PC=A111 LEVEL=3 STOPPED=0 INVALID=16 sectors=4965 display=16800 ready=1 lamps=0000 write=0 erase=0
STATE time=529.733333333 PC=A10D LEVEL=3 STOPPED=0 INVALID=16 sectors=4967 display=16800 ready=1 lamps=0000 write=1 erase=1
STATE time=529.800000000 PC=AC85 LEVEL=4 STOPPED=0 INVALID=16 sectors=4979 display=16800 ready=1 lamps=0000 write=0 erase=0
STATE time=529.816666667 PC=B2F5 LEVEL=4 STOPPED=0 INVALID=16 sectors=4981 display=16800 ready=1 lamps=0000 write=1 erase=1
STATE time=529.833333333 PC=AA47 LEVEL=4 STOPPED=0 INVALID=16 sectors=4983 display=16800 ready=1 lamps=0000 write=0 erase=0
STATE time=530.000000000 PC=B0FE LEVEL=4 STOPPED=0 INVALID=16 sectors=4983 display=16800 ready=1 lamps=0000 write=0 erase=0
STATE time=530.016666667 PC=A852 LEVEL=3 STOPPED=0 INVALID=16 sectors=4985 display=16800 ready=1 lamps=0000 write=1 erase=1
STATE time=530.050000000 PC=A110 LEVEL=3 STOPPED=0 INVALID=16 sectors=4991 display=16800 ready=1 lamps=0000 write=0 erase=0
STATE time=530.066666667 PC=A12E LEVEL=3 STOPPED=0 INVALID=16 sectors=4993 display=16800 ready=1 lamps=0000 write=1 erase=1
STATE time=530.133333333 PC=A110 LEVEL=3 STOPPED=0 INVALID=16 sectors=5005 display=16800 ready=1 lamps=0000 write=0 erase=0
STATE time=530.150000000 PC=856D LEVEL=4 STOPPED=0 INVALID=16 sectors=5007 display=16800 ready=1 lamps=0000 write=1 erase=1
STATE time=530.166666667 PC=A11B LEVEL=3 STOPPED=0 INVALID=16 sectors=5009 display=16800 ready=1 lamps=0000 write=0 erase=0
STATE time=530.350000000 PC=A121 LEVEL=3 STOPPED=0 INVALID=16 sectors=5011 display=16800 ready=1 lamps=0000 write=1 erase=1
STATE time=530.383333333 PC=8565 LEVEL=4 STOPPED=0 INVALID=16 sectors=5017 display=16800 ready=1 lamps=0000 write=0 erase=0
STATE time=530.400000000 PC=AA04 LEVEL=4 STOPPED=0 INVALID=16 sectors=5019 display=16800 ready=1 lamps=0000 write=1 erase=1
STATE time=530.466666667 PC=A131 LEVEL=3 STOPPED=0 INVALID=16 sectors=5031 display=16800 ready=1 lamps=0000 write=0 erase=0
STATE time=530.483333333 PC=A11B LEVEL=3 STOPPED=0 INVALID=16 sectors=5033 display=16800 ready=1 lamps=0000 write=1 erase=1
STATE time=530.500000000 PC=B096 LEVEL=4 STOPPED=0 INVALID=16 sectors=5035 display=16800 ready=1 lamps=0000 write=0 erase=0
STATE time=530.683333333 PC=B096 LEVEL=4 STOPPED=0 INVALID=16 sectors=5037 display=16800 ready=1 lamps=0000 write=1 erase=1
STATE time=530.716666667 PC=8566 LEVEL=4 STOPPED=0 INVALID=16 sectors=5043 display=16800 ready=1 lamps=0000 write=0 erase=0
STATE time=530.733333333 PC=B080 LEVEL=4 STOPPED=0 INVALID=16 sectors=5045 display=16800 ready=1 lamps=0000 write=1 erase=1
STATE time=530.800000000 PC=AA06 LEVEL=4 STOPPED=0 INVALID=16 sectors=5057 display=16800 ready=1 lamps=0000 write=0 erase=0
STATE time=530.816666667 PC=AA17 LEVEL=4 STOPPED=0 INVALID=16 sectors=5059 display=16800 ready=1 lamps=0000 write=1 erase=1
STATE time=530.833333333 PC=B09A LEVEL=4 STOPPED=0 INVALID=16 sectors=5061 display=16800 ready=1 lamps=0000 write=0 erase=0
STATE time=531.016666667 PC=B019 LEVEL=4 STOPPED=0 INVALID=16 sectors=5063 display=16800 ready=1 lamps=0000 write=1 erase=1
STATE time=531.050000000 PC=A0BB LEVEL=3 STOPPED=0 INVALID=16 sectors=5067 display=16800 ready=1 lamps=0000 write=0 erase=0
STATE time=534.233333333 PC=AA6D LEVEL=4 STOPPED=0 INVALID=16 sectors=5220 display=16800 ready=1 lamps=0000 write=1 erase=1
STATE time=534.250000000 PC=A85D LEVEL=3 STOPPED=0 INVALID=16 sectors=5221 display=16800 ready=1 lamps=0000 write=0 erase=0
STATE time=534.583333333 PC=B01F LEVEL=4 STOPPED=0 INVALID=16 sectors=5223 display=16800 ready=1 lamps=0000 write=1 erase=1
STATE time=534.633333333 PC=A10C LEVEL=3 STOPPED=0 INVALID=16 sectors=5232 display=16800 ready=1 lamps=0000 write=0 erase=0
STATE time=534.650000000 PC=B0A9 LEVEL=4 STOPPED=0 INVALID=16 sectors=5234 display=16800 ready=1 lamps=0000 write=1 erase=1
STATE time=534.666666667 PC=A118 LEVEL=3 STOPPED=0 INVALID=16 sectors=5236 display=16800 ready=1 lamps=0000 write=0 erase=0
STATE time=534.850000000 PC=A11A LEVEL=3 STOPPED=0 INVALID=16 sectors=5238 display=16800 ready=1 lamps=0000 write=1 erase=1
STATE time=534.883333333 PC=8572 LEVEL=4 STOPPED=0 INVALID=16 sectors=5244 display=16800 ready=1 lamps=0000 write=0 erase=0
STATE time=534.900000000 PC=B0FE LEVEL=4 STOPPED=0 INVALID=16 sectors=5246 display=16800 ready=1 lamps=0000 write=1 erase=1
STATE time=534.916666667 PC=8564 LEVEL=4 STOPPED=0 INVALID=16 sectors=5248 display=16800 ready=1 lamps=0000 write=0 erase=0
STATE time=535.000000000 PC=8573 LEVEL=4 STOPPED=0 INVALID=16 sectors=5248 display=16800 ready=1 lamps=0000 write=0 erase=0
STATE time=540.000000000 PC=A109 LEVEL=3 STOPPED=0 INVALID=16 sectors=5279 display=16800 ready=1 lamps=0000 write=0 erase=0
STATE time=545.000000000 PC=A859 LEVEL=3 STOPPED=0 INVALID=16 sectors=5279 display=16800 ready=1 lamps=0000 write=0 erase=0
STATE time=550.000000000 PC=BA20 LEVEL=4 STOPPED=0 INVALID=16 sectors=5279 display=16800 ready=1 lamps=0000 write=0 erase=0
STATE time=555.000000000 PC=A844 LEVEL=3 STOPPED=0 INVALID=16 sectors=5279 display=16800 ready=1 lamps=0000 write=0 erase=0
STATE time=560.000000000 PC=B096 LEVEL=4 STOPPED=0 INVALID=16 sectors=5279 display=16800 ready=1 lamps=0000 write=0 erase=0
STATE time=565.000000000 PC=B084 LEVEL=4 STOPPED=0 INVALID=16 sectors=5279 display=16800 ready=1 lamps=0000 write=0 erase=0
STATE time=570.000000000 PC=BE0C LEVEL=4 STOPPED=0 INVALID=16 sectors=5279 display=16800 ready=1 lamps=0000 write=0 erase=0
STATE time=573.983333333 PC=B08A LEVEL=4 STOPPED=0 INVALID=16 sectors=5279 display=17024 ready=1 lamps=0080 write=0 erase=0
STATE time=575.000000000 PC=B01F LEVEL=4 STOPPED=0 INVALID=16 sectors=5279 display=17024 ready=1 lamps=0080 write=0 erase=0
STATE time=580.000000000 PC=B090 LEVEL=4 STOPPED=0 INVALID=16 sectors=5279 display=17024 ready=1 lamps=0080 write=0 erase=0
STATE time=585.000000000 PC=B07B LEVEL=4 STOPPED=0 INVALID=16 sectors=5279 display=17024 ready=1 lamps=0080 write=0 erase=0
STATE time=590.000000000 PC=856E LEVEL=4 STOPPED=0 INVALID=16 sectors=5279 display=17024 ready=1 lamps=0080 write=0 erase=0
STATE time=595.000000000 PC=B096 LEVEL=4 STOPPED=0 INVALID=16 sectors=5279 display=17024 ready=1 lamps=0080 write=0 erase=0
STATE time=600.000000000 PC=B07F LEVEL=4 STOPPED=0 INVALID=16 sectors=5279 display=17024 ready=1 lamps=0080 write=0 erase=0
STATE time=605.000000000 PC=8563 LEVEL=4 STOPPED=0 INVALID=16 sectors=5279 display=17024 ready=1 lamps=0080 write=0 erase=0
STATE time=610.000000000 PC=B09B LEVEL=4 STOPPED=0 INVALID=16 sectors=5279 display=17024 ready=1 lamps=0080 write=0 erase=0
STATE time=615.000000000 PC=B086 LEVEL=4 STOPPED=0 INVALID=16 sectors=5279 display=17024 ready=1 lamps=0080 write=0 erase=0
STATE time=620.000000000 PC=A0F0 LEVEL=4 STOPPED=0 INVALID=16 sectors=5279 display=17024 ready=1 lamps=0080 write=0 erase=0
STATE time=625.000000000 PC=B0A6 LEVEL=4 STOPPED=0 INVALID=16 sectors=5279 display=17024 ready=1 lamps=0080 write=0 erase=0
STATE time=630.000000000 PC=B08A LEVEL=4 STOPPED=0 INVALID=16 sectors=5279 display=17024 ready=1 lamps=0080 write=0 erase=0
STATE time=635.000000000 PC=B01C LEVEL=4 STOPPED=0 INVALID=16 sectors=5279 display=17024 ready=1 lamps=0080 write=0 erase=0
STATE time=640.000000000 PC=B0FE LEVEL=4 STOPPED=0 INVALID=16 sectors=5279 display=17024 ready=1 lamps=0080 write=0 erase=0
STATE time=645.000000000 PC=B08E LEVEL=4 STOPPED=0 INVALID=16 sectors=5279 display=17024 ready=1 lamps=0080 write=0 erase=0
STATE time=650.000000000 PC=B024 LEVEL=4 STOPPED=0 INVALID=16 sectors=5279 display=17024 ready=1 lamps=0080 write=0 erase=0
STATE time=655.000000000 PC=856D LEVEL=4 STOPPED=0 INVALID=16 sectors=5279 display=17024 ready=1 lamps=0080 write=0 erase=0
STATE time=660.000000000 PC=B093 LEVEL=4 STOPPED=0 INVALID=16 sectors=5279 display=17024 ready=1 lamps=0080 write=0 erase=0
STATE time=665.000000000 PC=B07D LEVEL=4 STOPPED=0 INVALID=16 sectors=5279 display=17024 ready=1 lamps=0080 write=0 erase=0
STATE time=670.000000000 PC=8572 LEVEL=4 STOPPED=0 INVALID=16 sectors=5279 display=17024 ready=1 lamps=0080 write=0 erase=0
STATE time=675.000000000 PC=B099 LEVEL=4 STOPPED=0 INVALID=16 sectors=5279 display=17024 ready=1 lamps=0080 write=0 erase=0
STATE time=680.000000000 PC=B083 LEVEL=4 STOPPED=0 INVALID=16 sectors=5279 display=17024 ready=1 lamps=0080 write=0 erase=0
STATE time=685.000000000 PC=8565 LEVEL=4 STOPPED=0 INVALID=16 sectors=5279 display=17024 ready=1 lamps=0080 write=0 erase=0
STATE time=690.000000000 PC=B09E LEVEL=4 STOPPED=0 INVALID=16 sectors=5279 display=17024 ready=1 lamps=0080 write=0 erase=0
STATE time=695.000000000 PC=B088 LEVEL=4 STOPPED=0 INVALID=16 sectors=5279 display=17024 ready=1 lamps=0080 write=0 erase=0
STATE time=700.000000000 PC=B01B LEVEL=4 STOPPED=0 INVALID=16 sectors=5279 display=17024 ready=1 lamps=0080 write=0 erase=0
STATE time=705.000000000 PC=B0A8 LEVEL=4 STOPPED=0 INVALID=16 sectors=5279 display=17024 ready=1 lamps=0080 write=0 erase=0
STATE time=710.000000000 PC=B08C LEVEL=4 STOPPED=0 INVALID=16 sectors=5279 display=17024 ready=1 lamps=0080 write=0 erase=0
STATE time=715.000000000 PC=B01E LEVEL=4 STOPPED=0 INVALID=16 sectors=5279 display=17024 ready=1 lamps=0080 write=0 erase=0
FINAL time=715.866666667 PC=B08F LEVEL=4 STOPPED=0 INVALID=16 sectors=5279 display=17024 ready=1 lamps=0080 write=0 erase=0
Average speed: 165.99% (715 seconds)
